127.0.0.1 - - [15/Feb/2022:00:00:19 +0900] "GET / HTTP/1.1" 200 164
0:0:0:0:0:0:0:1 - - [15/Feb/2022:00:00:33 +0900] "GET /sample/ex02Bean?list%5B0%5D.name=aaa&list%5B2%5D.name=bbb HTTP/1.1" 200 245
0:0:0:0:0:0:0:1 - - [15/Feb/2022:00:03:43 +0900] "GET /sample/ex02Bean?list%5B0%5D.name=aaa&list%5B2%5D.name=bbb HTTP/1.1" 200 245
127.0.0.1 - - [15/Feb/2022:00:04:13 +0900] "GET / HTTP/1.1" 200 164
0:0:0:0:0:0:0:1 - - [15/Feb/2022:00:04:13 +0900] "GET /sample/ex02Bean?list%5B0%5D.name=aaa&list%5B2%5D.name=bbb HTTP/1.1" 200 245
0:0:0:0:0:0:0:1 - - [15/Feb/2022:00:08:51 +0900] "GET /sample/ex04?name=aaa&age=11&page=9 HTTP/1.1" 200 194
0:0:0:0:0:0:0:1 - - [15/Feb/2022:00:12:30 +0900] "GET /sample/ex04?name=aaa&age=11&page=9 HTTP/1.1" 200 194
0:0:0:0:0:0:0:1 - - [15/Feb/2022:00:12:46 +0900] "GET /sample/ex04?name=aaa&age=11&page=9 HTTP/1.1" 200 195
127.0.0.1 - - [15/Feb/2022:00:13:05 +0900] "GET / HTTP/1.1" 200 164
0:0:0:0:0:0:0:1 - - [15/Feb/2022:00:13:16 +0900] "GET /sample/ex04?name=aaa&age=11&page=9 HTTP/1.1" 200 195
127.0.0.1 - - [15/Feb/2022:00:41:29 +0900] "GET / HTTP/1.1" 200 165
0:0:0:0:0:0:0:1 - - [15/Feb/2022:00:41:35 +0900] "GET /sample/ex04?name=aaa&age=11&page=9 HTTP/1.1" 200 197
0:0:0:0:0:0:0:1 - - [15/Feb/2022:00:42:09 +0900] "GET /sample/ex04?name=aaa&age=11&page=9 HTTP/1.1" 200 197
0:0:0:0:0:0:0:1 - - [15/Feb/2022:00:42:46 +0900] "GET /sample/ex04?name=aaa&age=11&page=9 HTTP/1.1" 200 197
127.0.0.1 - - [15/Feb/2022:00:42:46 +0900] "GET / HTTP/1.1" 200 165
0:0:0:0:0:0:0:1 - - [15/Feb/2022:00:45:39 +0900] "GET /sample/ex044 HTTP/1.1" 500 5977
127.0.0.1 - - [15/Feb/2022:00:46:01 +0900] "GET / HTTP/1.1" 200 164
0:0:0:0:0:0:0:1 - - [15/Feb/2022:00:46:07 +0900] "GET /sample/ex044 HTTP/1.1" 500 5977
0:0:0:0:0:0:0:1 - - [15/Feb/2022:00:46:10 +0900] "GET /sample/ex044 HTTP/1.1" 500 5977
0:0:0:0:0:0:0:1 - - [15/Feb/2022:00:46:48 +0900] "GET /sample/ex044?name=aaa&age=11&page=9 HTTP/1.1" 200 161
0:0:0:0:0:0:0:1 - - [15/Feb/2022:00:51:43 +0900] "GET /smaple/re2 HTTP/1.1" 404 721
0:0:0:0:0:0:0:1 - - [15/Feb/2022:00:51:56 +0900] "GET /smaple/re1 HTTP/1.1" 404 721
127.0.0.1 - - [15/Feb/2022:00:52:17 +0900] "GET / HTTP/1.1" 200 165
0:0:0:0:0:0:0:1 - - [15/Feb/2022:00:52:48 +0900] "GET /smaple/re1 HTTP/1.1" 404 721
0:0:0:0:0:0:0:1 - - [15/Feb/2022:00:54:19 +0900] "GET /sample/re1 HTTP/1.1" 302 -
0:0:0:0:0:0:0:1 - - [15/Feb/2022:00:54:19 +0900] "GET /sample/re2 HTTP/1.1" 404 832
127.0.0.1 - - [15/Feb/2022:01:09:08 +0900] "GET / HTTP/1.1" 200 162
0:0:0:0:0:0:0:1 - - [15/Feb/2022:01:09:28 +0900] "GET /sample/ex06 HTTP/1.1" 200 40
127.0.0.1 - - [15/Feb/2022:01:37:06 +0900] "GET / HTTP/1.1" 200 163
0:0:0:0:0:0:0:1 - - [15/Feb/2022:01:37:46 +0900] "GET /sample/exUpload HTTP/1.1" 200 486
0:0:0:0:0:0:0:1 - - [15/Feb/2022:01:38:19 +0900] "GET /sample/exUpload HTTP/1.1" 200 526
127.0.0.1 - - [15/Feb/2022:01:44:54 +0900] "GET / HTTP/1.1" 200 164
0:0:0:0:0:0:0:1 - - [15/Feb/2022:01:45:34 +0900] "POST /sample/exUploadPost HTTP/1.1" 404 841
127.0.0.1 - - [15/Feb/2022:01:58:43 +0900] "GET / HTTP/1.1" 200 164
0:0:0:0:0:0:0:1 - - [15/Feb/2022:02:01:18 +0900] "GET /smaple/ex02?name=AAA&age=21 HTTP/1.1" 404 721
127.0.0.1 - - [15/Feb/2022:02:01:35 +0900] "GET / HTTP/1.1" 200 163
0:0:0:0:0:0:0:1 - - [15/Feb/2022:02:01:46 +0900] "GET /smaple/ex02?name=AAA&age=21 HTTP/1.1" 404 721
0:0:0:0:0:0:0:1 - - [15/Feb/2022:02:02:49 +0900] "GET /smaple/ex02?name=AAA&age=21 HTTP/1.1" 404 721
0:0:0:0:0:0:0:1 - - [15/Feb/2022:02:03:20 +0900] "GET /smaple/ex02?name=AAA&age=21 HTTP/1.1" 404 721
0:0:0:0:0:0:0:1 - - [15/Feb/2022:02:04:25 +0900] "GET /sample/ex04?name=aaa&age=11&page=9 HTTP/1.1" 200 197
0:0:0:0:0:0:0:1 - - [15/Feb/2022:02:05:15 +0900] "GET /sample/ex04?name=1&age=11&page=9 HTTP/1.1" 200 195
0:0:0:0:0:0:0:1 - - [15/Feb/2022:02:05:30 +0900] "GET /sample/ex04?name=AAA&age=b&page=9 HTTP/1.1" 200 171
0:0:0:0:0:0:0:1 - - [15/Feb/2022:02:06:58 +0900] "GET /sample/ex04?name=AAA&age=b&page=9 HTTP/1.1" 200 155
